{
  "classes": [
    {
      "course_code": "MGT103",
      "enrollment": "planned",
      "class_type": "lecture",
      "section": null,
      "professor": "Ehrich, Kristine R",
      "room": "WFH 1N108",
      "building": "WFH",
      "day_of_week": ["Tue", "Thu"],
      "start_time": "09:30",
      "end_time": "10:50",
      "term": null,
      "raw_text": "9:30 - 10:50 Planned\nMGT 103\nLE / WFH 1N108\nEhrich, Kristine R",
      "confidence": 0.85,
      "bbox": null
    },
    {
      "course_code": "CSE158R",
      "enrollment": "enrolled",
      "class_type": "lecture",
      "section": "R05",
      "professor": "McAuley, Julian John",
      "room": "RCLAS R05",
      "building": "RCLAS",
      "day_of_week": ["Tue", "Thu"],
      "start_time": "11:00",
      "end_time": "12:20",
      "term": null,
      "raw_text": "11:00 - 12:20 Enrolled\nCSE 158R\nLE / RCLAS R05\nMcAuley, Julian John",
      "confidence": 0.95,
      "bbox": null
    },
    {
      "course_code": "DSC190",
      "enrollment": "enrolled",
      "class_type": "lecture",
      "section": null,
      "professor": "Schwartzman, Armin",
      "room": "FAH 1101",
      "building": "FAH",
      "day_of_week": ["Tue", "Thu"],
      "start_time": "12:30",
      "end_time": "13:50",
      "term": null,
      "raw_text": "12:30 - 1:50 Enrolled\nDSC 190\nLE / FAH 1101\nSchwartzman, Armin",
      "confidence": 0.93,
      "bbox": null
    },
    {
      "course_code": "MATH173A",
      "enrollment": "enrolled",
      "class_type": "lecture",
      "section": null,
      "professor": "Cloninger, Alexander",
      "room": "LEDDN AUD",
      "building": "LEDDN",
      "day_of_week": ["Tue", "Thu"],
      "start_time": "14:00",
      "end_time": "15:20",
      "term": null,
      "raw_text": "2:00 - 3:20 Enrolled\nMATH 173A\nLE / LEDDN AUD\nCloninger, Alexander",
      "confidence": 0.92,
      "bbox": null
    },
    {
      "course_code": "DSC190",
      "enrollment": "enrolled",
      "class_type": "discussion",
      "section": null,
      "professor": null,
      "room": "WLH 2111",
      "building": "WLH",
      "day_of_week": ["Fri"],
      "start_time": "14:00",
      "end_time": "14:50",
      "term": null,
      "raw_text": "2:00 - 2:50 Enrolled\nDSC 190\nDI / WLH 2111",
      "confidence": 0.70,
      "bbox": null
    },
    {
      "course_code": "DSC190",
      "enrollment": "enrolled",
      "class_type": "lecture",
      "section": null,
      "professor": "Ma, Yian",
      "room": "PCYNH 120",
      "building": "PCYNH",
      "day_of_week": ["Tue", "Thu"],
      "start_time": "15:30",
      "end_time": "16:50",
      "term": null,
      "raw_text": "3:30 - 4:50 Enrolled\nDSC 190\nLE / PCYNH 120\nMa, Yian",
      "confidence": 0.94,
      "bbox": null
    },
    {
      "course_code": "DSC102",
      "enrollment": "enrolled",
      "class_type": "discussion",
      "section": null,
      "professor": null,
      "room": "MANDE B-202",
      "building": "MANDE",
      "day_of_week": ["Wed"],
      "start_time": "16:00",
      "end_time": "16:50",
      "term": null,
      "raw_text": "4:00 - 4:50 Enrolled\nDSC 102\nDI / MANDE B-202",
      "confidence": 0.88,
      "bbox": null
    },
    {
      "course_code": "DSC102",
      "enrollment": "enrolled",
      "class_type": "lecture",
      "section": null,
      "professor": "Kolovos, Alexandros",
      "room": "PCYNH 109",
      "building": "PCYNH",
      "day_of_week": ["Tue", "Thu"],
      "start_time": "17:00",
      "end_time": "18:20",
      "term": null,
      "raw_text": "5:00 - 6:20 Enrolled\nDSC 102\nLE / PCYNH 109\nKolovos, Alexandros",
      "confidence": 0.94,
      "bbox": null
    },
    {
      "course_code": "DSC190",
      "enrollment": "enrolled",
      "class_type": "discussion",
      "section": null,
      "professor": null,
      "room": "FAH 1450",
      "building": "FAH",
      "day_of_week": ["Thu"],
      "start_time": "17:00",
      "end_time": "17:50",
      "term": null,
      "raw_text": "5:00 - 5:50 Enrolled\nDSC 190\nDI / FAH 1450",
      "confidence": 0.75,
      "bbox": null
    },
    {
      "course_code": "MATH173A",
      "enrollment": "enrolled",
      "class_type": "discussion",
      "section": null,
      "professor": null,
      "room": "APM 7321",
      "building": "APM",
      "day_of_week": ["Fri"],
      "start_time": "18:00",
      "end_time": "18:50",
      "term": null,
      "raw_text": "6:00 - 6:50 Enrolled\nMATH 173A\nDI / APM 7321",
      "confidence": 0.75,
      "bbox": null
    }
  ],
  "metadata": {
    "source_image_id": "Screenshot_2025-10-01_12.41.11_PM.png",
    "ocr_engine": "manual-visual-estimate",
    "parser_version": "example-v0.1"
  }
}
